// Jest Snapshot v1, https://goo.gl/fbAQLP

exports[`Background Image when given an Image object renders correctly 1`] = `
<DocumentFragment>
  .emotion-0 {
  position: relative;
}

.emotion-0::before,
.emotion-0::after {
  position: absolute;
  top: 0;
  left: 0;
  display: block;
  width: 100%;
  height: 100%;
  background-repeat: no-repeat;
  background-position: center;
  background-size: cover;
  -webkit-transition: opacity 0.5s ease 0.25s;
  transition: opacity 0.5s ease 0.25s;
  content: "";
}

@media screen and (prefers-reduced-motion:reduce) {
  .emotion-0::before,
  .emotion-0::after {
    -webkit-transition: none;
    transition: none;
  }
}

.emotion-0::after {
  z-index: -100;
  opacity: 0;
}

.emotion-0::before {
  z-index: -101;
  opacity: 1;
  background-image: url("data:image/jpeg;base64,/9j/2wBDABALDA4MChAODQ4SERATGCgaGBYWGDEjJR0oOjM9PDkzODdASFxOQERXRTc4UG1RV19iZ2hnPk1xeXBkeFxlZ2P/2wBDARESEhgVGC8aGi9jQjhCY2NjY2NjY2NjY2NjY2NjY2NjY2NjY2NjY2NjY2NjY2NjY2NjY2NjY2NjY2NjY2NjY2P/wgARCAAPABQDASIAAhEBAxEB/8QAGAAAAgMAAAAAAAAAAAAAAAAAAAYBAgX/xAAVAQEBAAAAAAAAAAAAAAAAAAAAAf/aAAwDAQACEAMQAAAB1ZUrU0CyL//EABoQAAICAwAAAAAAAAAAAAAAAAACARIREyH/2gAIAQEAAQUCiFMIUg6XY2Mf/8QAFBEBAAAAAAAAAAAAAAAAAAAAEP/aAAgBAwEBPwE//8QAFhEBAQEAAAAAAAAAAAAAAAAAAAER/9oACAECAQE/AW1//8QAGBAAAwEBAAAAAAAAAAAAAAAAAAIyEDH/2gAIAQEABj8C3pbFsf/EAB4QAAEDBAMAAAAAAAAAAAAAAAABEUEhUWFxkdHx/9oACAEBAAE/IcnggdtoLfKJjfce4f/aAAwDAQACAAMAAAAQGw//xAAWEQEBAQAAAAAAAAAAAAAAAAABABH/2gAIAQMBAT8QAsL/xAAVEQEBAAAAAAAAAAAAAAAAAAABEP/aAAgBAgEBPxBWH//EABwQAQACAgMBAAAAAAAAAAAAAAEAESFRcbHRwf/aAAgBAQABPxBpi3Fuos5FpCIbpBzBcLAlYNX9gZ9/s//Z");
}

<div
    class="emotion-0"
    data-testid="BackgroundImageContainerElement"
  >
    <noscript
      class="e23z2p"
    />
  </div>
</DocumentFragment>
`;

exports[`Background Image when given an Image object updates after entering the viewport correctly 1`] = `
<DocumentFragment>
  .emotion-0 {
  position: relative;
}

.emotion-0::before,
.emotion-0::after {
  position: absolute;
  top: 0;
  left: 0;
  display: block;
  width: 100%;
  height: 100%;
  background-repeat: no-repeat;
  background-position: center;
  background-size: cover;
  -webkit-transition: opacity 0.5s ease 0.25s;
  transition: opacity 0.5s ease 0.25s;
  content: "";
}

@media screen and (prefers-reduced-motion:reduce) {
  .emotion-0::before,
  .emotion-0::after {
    -webkit-transition: none;
    transition: none;
  }
}

.emotion-0::after {
  z-index: -100;
  opacity: 1;
  background-image: url("/static/banner_example/1/banner.jpg");
}

.emotion-0::before {
  z-index: -101;
  opacity: 1;
  background-image: url("data:image/jpeg;base64,/9j/2wBDABALDA4MChAODQ4SERATGCgaGBYWGDEjJR0oOjM9PDkzODdASFxOQERXRTc4UG1RV19iZ2hnPk1xeXBkeFxlZ2P/2wBDARESEhgVGC8aGi9jQjhCY2NjY2NjY2NjY2NjY2NjY2NjY2NjY2NjY2NjY2NjY2NjY2NjY2NjY2NjY2NjY2NjY2P/wgARCAAPABQDASIAAhEBAxEB/8QAGAAAAgMAAAAAAAAAAAAAAAAAAAYBAgX/xAAVAQEBAAAAAAAAAAAAAAAAAAAAAf/aAAwDAQACEAMQAAAB1ZUrU0CyL//EABoQAAICAwAAAAAAAAAAAAAAAAACARIREyH/2gAIAQEAAQUCiFMIUg6XY2Mf/8QAFBEBAAAAAAAAAAAAAAAAAAAAEP/aAAgBAwEBPwE//8QAFhEBAQEAAAAAAAAAAAAAAAAAAAER/9oACAECAQE/AW1//8QAGBAAAwEBAAAAAAAAAAAAAAAAAAIyEDH/2gAIAQEABj8C3pbFsf/EAB4QAAEDBAMAAAAAAAAAAAAAAAABEUEhUWFxkdHx/9oACAEBAAE/IcnggdtoLfKJjfce4f/aAAwDAQACAAMAAAAQGw//xAAWEQEBAQAAAAAAAAAAAAAAAAABABH/2gAIAQMBAT8QAsL/xAAVEQEBAAAAAAAAAAAAAAAAAAABEP/aAAgBAgEBPxBWH//EABwQAQACAgMBAAAAAAAAAAAAAAEAESFRcbHRwf/aAAgBAQABPxBpi3Fuos5FpCIbpBzBcLAlYNX9gZ9/s//Z");
}

<div
    class="emotion-0"
    data-testid="BackgroundImageContainerElement"
  >
    <noscript
      class="e23z2p"
    />
  </div>
</DocumentFragment>
`;

exports[`Background Image when given an Image object with a media query renders correctly 1`] = `
<DocumentFragment>
  .emotion-0 {
  position: relative;
}

.emotion-0::before,
.emotion-0::after {
  position: absolute;
  top: 0;
  left: 0;
  display: block;
  width: 100%;
  height: 100%;
  background-repeat: no-repeat;
  background-position: center;
  background-size: cover;
  -webkit-transition: opacity 0.5s ease 0.25s;
  transition: opacity 0.5s ease 0.25s;
  content: "";
}

@media screen and (prefers-reduced-motion:reduce) {
  .emotion-0::before,
  .emotion-0::after {
    -webkit-transition: none;
    transition: none;
  }
}

.emotion-0::after {
  z-index: -100;
  opacity: 0;
}

.emotion-0::before {
  z-index: -101;
  opacity: 1;
}

@media screen and (prefers-color-scheme:dark) {
  .emotion-0::before {
    background-image: url("data:image/jpeg;base64,/9j/2wBDABALDA4MChAODQ4SERATGCgaGBYWGDEjJR0oOjM9PDkzODdASFxOQERXRTc4UG1RV19iZ2hnPk1xeXBkeFxlZ2P/2wBDARESEhgVGC8aGi9jQjhCY2NjY2NjY2NjY2NjY2NjY2NjY2NjY2NjY2NjY2NjY2NjY2NjY2NjY2NjY2NjY2NjY2P/wgARCAAPABQDASIAAhEBAxEB/8QAGAAAAgMAAAAAAAAAAAAAAAAAAAYBAgX/xAAVAQEBAAAAAAAAAAAAAAAAAAAAAf/aAAwDAQACEAMQAAAB1ZUrU0CyL//EABoQAAICAwAAAAAAAAAAAAAAAAACARIREyH/2gAIAQEAAQUCiFMIUg6XY2Mf/8QAFBEBAAAAAAAAAAAAAAAAAAAAEP/aAAgBAwEBPwE//8QAFhEBAQEAAAAAAAAAAAAAAAAAAAER/9oACAECAQE/AW1//8QAGBAAAwEBAAAAAAAAAAAAAAAAAAIyEDH/2gAIAQEABj8C3pbFsf/EAB4QAAEDBAMAAAAAAAAAAAAAAAABEUEhUWFxkdHx/9oACAEBAAE/IcnggdtoLfKJjfce4f/aAAwDAQACAAMAAAAQGw//xAAWEQEBAQAAAAAAAAAAAAAAAAABABH/2gAIAQMBAT8QAsL/xAAVEQEBAAAAAAAAAAAAAAAAAAABEP/aAAgBAgEBPxBWH//EABwQAQACAgMBAAAAAAAAAAAAAAEAESFRcbHRwf/aAAgBAQABPxBpi3Fuos5FpCIbpBzBcLAlYNX9gZ9/s//Z");
  }
}

<div
    class="emotion-0"
    data-testid="BackgroundImageContainerElement"
  >
    <noscript
      class="16r6o6i"
    />
  </div>
</DocumentFragment>
`;

exports[`Background Image when given an Image object with a media query updates after entering the viewport correctly 1`] = `
<DocumentFragment>
  .emotion-0 {
  position: relative;
}

.emotion-0::before,
.emotion-0::after {
  position: absolute;
  top: 0;
  left: 0;
  display: block;
  width: 100%;
  height: 100%;
  background-repeat: no-repeat;
  background-position: center;
  background-size: cover;
  -webkit-transition: opacity 0.5s ease 0.25s;
  transition: opacity 0.5s ease 0.25s;
  content: "";
}

@media screen and (prefers-reduced-motion:reduce) {
  .emotion-0::before,
  .emotion-0::after {
    -webkit-transition: none;
    transition: none;
  }
}

.emotion-0::after {
  z-index: -100;
  opacity: 1;
}

@media screen and (prefers-color-scheme:dark) {
  .emotion-0::after {
    background-image: url("/static/banner_example/1/banner.jpg");
  }
}

.emotion-0::before {
  z-index: -101;
  opacity: 1;
}

@media screen and (prefers-color-scheme:dark) {
  .emotion-0::before {
    background-image: url("data:image/jpeg;base64,/9j/2wBDABALDA4MChAODQ4SERATGCgaGBYWGDEjJR0oOjM9PDkzODdASFxOQERXRTc4UG1RV19iZ2hnPk1xeXBkeFxlZ2P/2wBDARESEhgVGC8aGi9jQjhCY2NjY2NjY2NjY2NjY2NjY2NjY2NjY2NjY2NjY2NjY2NjY2NjY2NjY2NjY2NjY2NjY2P/wgARCAAPABQDASIAAhEBAxEB/8QAGAAAAgMAAAAAAAAAAAAAAAAAAAYBAgX/xAAVAQEBAAAAAAAAAAAAAAAAAAAAAf/aAAwDAQACEAMQAAAB1ZUrU0CyL//EABoQAAICAwAAAAAAAAAAAAAAAAACARIREyH/2gAIAQEAAQUCiFMIUg6XY2Mf/8QAFBEBAAAAAAAAAAAAAAAAAAAAEP/aAAgBAwEBPwE//8QAFhEBAQEAAAAAAAAAAAAAAAAAAAER/9oACAECAQE/AW1//8QAGBAAAwEBAAAAAAAAAAAAAAAAAAIyEDH/2gAIAQEABj8C3pbFsf/EAB4QAAEDBAMAAAAAAAAAAAAAAAABEUEhUWFxkdHx/9oACAEBAAE/IcnggdtoLfKJjfce4f/aAAwDAQACAAMAAAAQGw//xAAWEQEBAQAAAAAAAAAAAAAAAAABABH/2gAIAQMBAT8QAsL/xAAVEQEBAAAAAAAAAAAAAAAAAAABEP/aAAgBAgEBPxBWH//EABwQAQACAgMBAAAAAAAAAAAAAAEAESFRcbHRwf/aAAgBAQABPxBpi3Fuos5FpCIbpBzBcLAlYNX9gZ9/s//Z");
  }
}

<div
    class="emotion-0"
    data-testid="BackgroundImageContainerElement"
  >
    <noscript
      class="16r6o6i"
    />
  </div>
</DocumentFragment>
`;

exports[`Background Image when given an Image object with the eager prop renders correctly 1`] = `
<DocumentFragment>
  .emotion-0 {
  position: relative;
}

.emotion-0::before,
.emotion-0::after {
  position: absolute;
  top: 0;
  left: 0;
  display: block;
  width: 100%;
  height: 100%;
  background-repeat: no-repeat;
  background-position: center;
  background-size: cover;
  -webkit-transition: opacity 0.5s ease 0.25s;
  transition: opacity 0.5s ease 0.25s;
  content: "";
}

@media screen and (prefers-reduced-motion:reduce) {
  .emotion-0::before,
  .emotion-0::after {
    -webkit-transition: none;
    transition: none;
  }
}

.emotion-0::after {
  z-index: -100;
  opacity: 1;
  background-image: url("/static/banner_example/1/banner.jpg");
}

.emotion-0::before {
  z-index: -101;
  opacity: 1;
  background-image: url("data:image/jpeg;base64,/9j/2wBDABALDA4MChAODQ4SERATGCgaGBYWGDEjJR0oOjM9PDkzODdASFxOQERXRTc4UG1RV19iZ2hnPk1xeXBkeFxlZ2P/2wBDARESEhgVGC8aGi9jQjhCY2NjY2NjY2NjY2NjY2NjY2NjY2NjY2NjY2NjY2NjY2NjY2NjY2NjY2NjY2NjY2NjY2P/wgARCAAPABQDASIAAhEBAxEB/8QAGAAAAgMAAAAAAAAAAAAAAAAAAAYBAgX/xAAVAQEBAAAAAAAAAAAAAAAAAAAAAf/aAAwDAQACEAMQAAAB1ZUrU0CyL//EABoQAAICAwAAAAAAAAAAAAAAAAACARIREyH/2gAIAQEAAQUCiFMIUg6XY2Mf/8QAFBEBAAAAAAAAAAAAAAAAAAAAEP/aAAgBAwEBPwE//8QAFhEBAQEAAAAAAAAAAAAAAAAAAAER/9oACAECAQE/AW1//8QAGBAAAwEBAAAAAAAAAAAAAAAAAAIyEDH/2gAIAQEABj8C3pbFsf/EAB4QAAEDBAMAAAAAAAAAAAAAAAABEUEhUWFxkdHx/9oACAEBAAE/IcnggdtoLfKJjfce4f/aAAwDAQACAAMAAAAQGw//xAAWEQEBAQAAAAAAAAAAAAAAAAABABH/2gAIAQMBAT8QAsL/xAAVEQEBAAAAAAAAAAAAAAAAAAABEP/aAAgBAgEBPxBWH//EABwQAQACAgMBAAAAAAAAAAAAAAEAESFRcbHRwf/aAAgBAQABPxBpi3Fuos5FpCIbpBzBcLAlYNX9gZ9/s//Z");
}

<div
    class="emotion-0"
    data-testid="BackgroundImageContainerElement"
  >
    <noscript
      class="e23z2p"
    />
  </div>
</DocumentFragment>
`;

exports[`Background Image when given an array of Image objects (media queries included) renders correctly 1`] = `
<DocumentFragment>
  .emotion-0 {
  position: relative;
}

.emotion-0::before,
.emotion-0::after {
  position: absolute;
  top: 0;
  left: 0;
  display: block;
  width: 100%;
  height: 100%;
  background-repeat: no-repeat;
  background-position: center;
  background-size: cover;
  -webkit-transition: opacity 0.5s ease 0.25s;
  transition: opacity 0.5s ease 0.25s;
  content: "";
}

@media screen and (prefers-reduced-motion:reduce) {
  .emotion-0::before,
  .emotion-0::after {
    -webkit-transition: none;
    transition: none;
  }
}

.emotion-0::after {
  z-index: -100;
  opacity: 0;
}

.emotion-0::before {
  z-index: -101;
  opacity: 1;
  background-image: url("data:image/jpeg;base64,/9j/2wBDABALDA4MChAODQ4SERATGCgaGBYWGDEjJR0oOjM9PDkzODdASFxOQERXRTc4UG1RV19iZ2hnPk1xeXBkeFxlZ2P/2wBDARESEhgVGC8aGi9jQjhCY2NjY2NjY2NjY2NjY2NjY2NjY2NjY2NjY2NjY2NjY2NjY2NjY2NjY2NjY2NjY2NjY2P/wgARCAAPABQDASIAAhEBAxEB/8QAGAAAAgMAAAAAAAAAAAAAAAAAAAYBAgX/xAAVAQEBAAAAAAAAAAAAAAAAAAAAAf/aAAwDAQACEAMQAAAB1ZUrU0CyL//EABoQAAICAwAAAAAAAAAAAAAAAAACARIREyH/2gAIAQEAAQUCiFMIUg6XY2Mf/8QAFBEBAAAAAAAAAAAAAAAAAAAAEP/aAAgBAwEBPwE//8QAFhEBAQEAAAAAAAAAAAAAAAAAAAER/9oACAECAQE/AW1//8QAGBAAAwEBAAAAAAAAAAAAAAAAAAIyEDH/2gAIAQEABj8C3pbFsf/EAB4QAAEDBAMAAAAAAAAAAAAAAAABEUEhUWFxkdHx/9oACAEBAAE/IcnggdtoLfKJjfce4f/aAAwDAQACAAMAAAAQGw//xAAWEQEBAQAAAAAAAAAAAAAAAAABABH/2gAIAQMBAT8QAsL/xAAVEQEBAAAAAAAAAAAAAAAAAAABEP/aAAgBAgEBPxBWH//EABwQAQACAgMBAAAAAAAAAAAAAAEAESFRcbHRwf/aAAgBAQABPxBpi3Fuos5FpCIbpBzBcLAlYNX9gZ9/s//Z"),url("data:image/jpeg;base64,/9j/2wBDABALDA4MChAODQ4SERATGCgaGBYWGDEjJR0oOjM9PDkzODdASFxOQERXRTc4UG1RV19iZ2hnPk1xeXBkeFxlZ2P/2wBDARESEhgVGC8aGi9jQjhCY2NjY2NjY2NjY2NjY2NjY2NjY2NjY2NjY2NjY2NjY2NjY2NjY2NjY2NjY2NjY2NjY2P/wgARCAAPABQDASIAAhEBAxEB/8QAGAAAAgMAAAAAAAAAAAAAAAAAAAYBAgX/xAAVAQEBAAAAAAAAAAAAAAAAAAAAAf/aAAwDAQACEAMQAAAB1ZUrU0CyL//EABoQAAICAwAAAAAAAAAAAAAAAAACARIREyH/2gAIAQEAAQUCiFMIUg6XY2Mf/8QAFBEBAAAAAAAAAAAAAAAAAAAAEP/aAAgBAwEBPwE//8QAFhEBAQEAAAAAAAAAAAAAAAAAAAER/9oACAECAQE/AW1//8QAGBAAAwEBAAAAAAAAAAAAAAAAAAIyEDH/2gAIAQEABj8C3pbFsf/EAB4QAAEDBAMAAAAAAAAAAAAAAAABEUEhUWFxkdHx/9oACAEBAAE/IcnggdtoLfKJjfce4f/aAAwDAQACAAMAAAAQGw//xAAWEQEBAQAAAAAAAAAAAAAAAAABABH/2gAIAQMBAT8QAsL/xAAVEQEBAAAAAAAAAAAAAAAAAAABEP/aAAgBAgEBPxBWH//EABwQAQACAgMBAAAAAAAAAAAAAAEAESFRcbHRwf/aAAgBAQABPxBpi3Fuos5FpCIbpBzBcLAlYNX9gZ9/s//Z");
}

@media screen and (prefers-color-scheme:dark) {
  .emotion-0::before {
    background-image: url("data:image/jpeg;base64,/9j/2wBDABALDA4MChAODQ4SERATGCgaGBYWGDEjJR0oOjM9PDkzODdASFxOQERXRTc4UG1RV19iZ2hnPk1xeXBkeFxlZ2P/2wBDARESEhgVGC8aGi9jQjhCY2NjY2NjY2NjY2NjY2NjY2NjY2NjY2NjY2NjY2NjY2NjY2NjY2NjY2NjY2NjY2NjY2P/wgARCAAPABQDASIAAhEBAxEB/8QAGAAAAgMAAAAAAAAAAAAAAAAAAAYBAgX/xAAVAQEBAAAAAAAAAAAAAAAAAAAAAf/aAAwDAQACEAMQAAAB1ZUrU0CyL//EABoQAAICAwAAAAAAAAAAAAAAAAACARIREyH/2gAIAQEAAQUCiFMIUg6XY2Mf/8QAFBEBAAAAAAAAAAAAAAAAAAAAEP/aAAgBAwEBPwE//8QAFhEBAQEAAAAAAAAAAAAAAAAAAAER/9oACAECAQE/AW1//8QAGBAAAwEBAAAAAAAAAAAAAAAAAAIyEDH/2gAIAQEABj8C3pbFsf/EAB4QAAEDBAMAAAAAAAAAAAAAAAABEUEhUWFxkdHx/9oACAEBAAE/IcnggdtoLfKJjfce4f/aAAwDAQACAAMAAAAQGw//xAAWEQEBAQAAAAAAAAAAAAAAAAABABH/2gAIAQMBAT8QAsL/xAAVEQEBAAAAAAAAAAAAAAAAAAABEP/aAAgBAgEBPxBWH//EABwQAQACAgMBAAAAAAAAAAAAAAEAESFRcbHRwf/aAAgBAQABPxBpi3Fuos5FpCIbpBzBcLAlYNX9gZ9/s//Z");
  }
}

<div
    class="emotion-0"
    data-testid="BackgroundImageContainerElement"
  >
    <noscript
      class="v4vr95"
    />
  </div>
</DocumentFragment>
`;

exports[`Background Image when given an array of Image objects (media queries included) updates after entering the viewport correctly 1`] = `
<DocumentFragment>
  .emotion-0 {
  position: relative;
}

.emotion-0::before,
.emotion-0::after {
  position: absolute;
  top: 0;
  left: 0;
  display: block;
  width: 100%;
  height: 100%;
  background-repeat: no-repeat;
  background-position: center;
  background-size: cover;
  -webkit-transition: opacity 0.5s ease 0.25s;
  transition: opacity 0.5s ease 0.25s;
  content: "";
}

@media screen and (prefers-reduced-motion:reduce) {
  .emotion-0::before,
  .emotion-0::after {
    -webkit-transition: none;
    transition: none;
  }
}

.emotion-0::after {
  z-index: -100;
  opacity: 1;
  background-image: url("/static/banner_example/1/banner.jpg"),url("/static/banner_example/1/banner.jpg");
}

@media screen and (prefers-color-scheme:dark) {
  .emotion-0::after {
    background-image: url("/static/banner_example/1/banner.jpg");
  }
}

.emotion-0::before {
  z-index: -101;
  opacity: 1;
  background-image: url("data:image/jpeg;base64,/9j/2wBDABALDA4MChAODQ4SERATGCgaGBYWGDEjJR0oOjM9PDkzODdASFxOQERXRTc4UG1RV19iZ2hnPk1xeXBkeFxlZ2P/2wBDARESEhgVGC8aGi9jQjhCY2NjY2NjY2NjY2NjY2NjY2NjY2NjY2NjY2NjY2NjY2NjY2NjY2NjY2NjY2NjY2NjY2P/wgARCAAPABQDASIAAhEBAxEB/8QAGAAAAgMAAAAAAAAAAAAAAAAAAAYBAgX/xAAVAQEBAAAAAAAAAAAAAAAAAAAAAf/aAAwDAQACEAMQAAAB1ZUrU0CyL//EABoQAAICAwAAAAAAAAAAAAAAAAACARIREyH/2gAIAQEAAQUCiFMIUg6XY2Mf/8QAFBEBAAAAAAAAAAAAAAAAAAAAEP/aAAgBAwEBPwE//8QAFhEBAQEAAAAAAAAAAAAAAAAAAAER/9oACAECAQE/AW1//8QAGBAAAwEBAAAAAAAAAAAAAAAAAAIyEDH/2gAIAQEABj8C3pbFsf/EAB4QAAEDBAMAAAAAAAAAAAAAAAABEUEhUWFxkdHx/9oACAEBAAE/IcnggdtoLfKJjfce4f/aAAwDAQACAAMAAAAQGw//xAAWEQEBAQAAAAAAAAAAAAAAAAABABH/2gAIAQMBAT8QAsL/xAAVEQEBAAAAAAAAAAAAAAAAAAABEP/aAAgBAgEBPxBWH//EABwQAQACAgMBAAAAAAAAAAAAAAEAESFRcbHRwf/aAAgBAQABPxBpi3Fuos5FpCIbpBzBcLAlYNX9gZ9/s//Z"),url("data:image/jpeg;base64,/9j/2wBDABALDA4MChAODQ4SERATGCgaGBYWGDEjJR0oOjM9PDkzODdASFxOQERXRTc4UG1RV19iZ2hnPk1xeXBkeFxlZ2P/2wBDARESEhgVGC8aGi9jQjhCY2NjY2NjY2NjY2NjY2NjY2NjY2NjY2NjY2NjY2NjY2NjY2NjY2NjY2NjY2NjY2NjY2P/wgARCAAPABQDASIAAhEBAxEB/8QAGAAAAgMAAAAAAAAAAAAAAAAAAAYBAgX/xAAVAQEBAAAAAAAAAAAAAAAAAAAAAf/aAAwDAQACEAMQAAAB1ZUrU0CyL//EABoQAAICAwAAAAAAAAAAAAAAAAACARIREyH/2gAIAQEAAQUCiFMIUg6XY2Mf/8QAFBEBAAAAAAAAAAAAAAAAAAAAEP/aAAgBAwEBPwE//8QAFhEBAQEAAAAAAAAAAAAAAAAAAAER/9oACAECAQE/AW1//8QAGBAAAwEBAAAAAAAAAAAAAAAAAAIyEDH/2gAIAQEABj8C3pbFsf/EAB4QAAEDBAMAAAAAAAAAAAAAAAABEUEhUWFxkdHx/9oACAEBAAE/IcnggdtoLfKJjfce4f/aAAwDAQACAAMAAAAQGw//xAAWEQEBAQAAAAAAAAAAAAAAAAABABH/2gAIAQMBAT8QAsL/xAAVEQEBAAAAAAAAAAAAAAAAAAABEP/aAAgBAgEBPxBWH//EABwQAQACAgMBAAAAAAAAAAAAAAEAESFRcbHRwf/aAAgBAQABPxBpi3Fuos5FpCIbpBzBcLAlYNX9gZ9/s//Z");
}

@media screen and (prefers-color-scheme:dark) {
  .emotion-0::before {
    background-image: url("data:image/jpeg;base64,/9j/2wBDABALDA4MChAODQ4SERATGCgaGBYWGDEjJR0oOjM9PDkzODdASFxOQERXRTc4UG1RV19iZ2hnPk1xeXBkeFxlZ2P/2wBDARESEhgVGC8aGi9jQjhCY2NjY2NjY2NjY2NjY2NjY2NjY2NjY2NjY2NjY2NjY2NjY2NjY2NjY2NjY2NjY2NjY2P/wgARCAAPABQDASIAAhEBAxEB/8QAGAAAAgMAAAAAAAAAAAAAAAAAAAYBAgX/xAAVAQEBAAAAAAAAAAAAAAAAAAAAAf/aAAwDAQACEAMQAAAB1ZUrU0CyL//EABoQAAICAwAAAAAAAAAAAAAAAAACARIREyH/2gAIAQEAAQUCiFMIUg6XY2Mf/8QAFBEBAAAAAAAAAAAAAAAAAAAAEP/aAAgBAwEBPwE//8QAFhEBAQEAAAAAAAAAAAAAAAAAAAER/9oACAECAQE/AW1//8QAGBAAAwEBAAAAAAAAAAAAAAAAAAIyEDH/2gAIAQEABj8C3pbFsf/EAB4QAAEDBAMAAAAAAAAAAAAAAAABEUEhUWFxkdHx/9oACAEBAAE/IcnggdtoLfKJjfce4f/aAAwDAQACAAMAAAAQGw//xAAWEQEBAQAAAAAAAAAAAAAAAAABABH/2gAIAQMBAT8QAsL/xAAVEQEBAAAAAAAAAAAAAAAAAAABEP/aAAgBAgEBPxBWH//EABwQAQACAgMBAAAAAAAAAAAAAAEAESFRcbHRwf/aAAgBAQABPxBpi3Fuos5FpCIbpBzBcLAlYNX9gZ9/s//Z");
  }
}

<div
    class="emotion-0"
    data-testid="BackgroundImageContainerElement"
  >
    <noscript
      class="v4vr95"
    />
  </div>
</DocumentFragment>
`;

exports[`Background Image when given an array of Image objects renders correctly 1`] = `
<DocumentFragment>
  .emotion-0 {
  position: relative;
}

.emotion-0::before,
.emotion-0::after {
  position: absolute;
  top: 0;
  left: 0;
  display: block;
  width: 100%;
  height: 100%;
  background-repeat: no-repeat;
  background-position: center;
  background-size: cover;
  -webkit-transition: opacity 0.5s ease 0.25s;
  transition: opacity 0.5s ease 0.25s;
  content: "";
}

@media screen and (prefers-reduced-motion:reduce) {
  .emotion-0::before,
  .emotion-0::after {
    -webkit-transition: none;
    transition: none;
  }
}

.emotion-0::after {
  z-index: -100;
  opacity: 0;
}

.emotion-0::before {
  z-index: -101;
  opacity: 1;
  background-image: url("data:image/jpeg;base64,/9j/2wBDABALDA4MChAODQ4SERATGCgaGBYWGDEjJR0oOjM9PDkzODdASFxOQERXRTc4UG1RV19iZ2hnPk1xeXBkeFxlZ2P/2wBDARESEhgVGC8aGi9jQjhCY2NjY2NjY2NjY2NjY2NjY2NjY2NjY2NjY2NjY2NjY2NjY2NjY2NjY2NjY2NjY2NjY2P/wgARCAAPABQDASIAAhEBAxEB/8QAGAAAAgMAAAAAAAAAAAAAAAAAAAYBAgX/xAAVAQEBAAAAAAAAAAAAAAAAAAAAAf/aAAwDAQACEAMQAAAB1ZUrU0CyL//EABoQAAICAwAAAAAAAAAAAAAAAAACARIREyH/2gAIAQEAAQUCiFMIUg6XY2Mf/8QAFBEBAAAAAAAAAAAAAAAAAAAAEP/aAAgBAwEBPwE//8QAFhEBAQEAAAAAAAAAAAAAAAAAAAER/9oACAECAQE/AW1//8QAGBAAAwEBAAAAAAAAAAAAAAAAAAIyEDH/2gAIAQEABj8C3pbFsf/EAB4QAAEDBAMAAAAAAAAAAAAAAAABEUEhUWFxkdHx/9oACAEBAAE/IcnggdtoLfKJjfce4f/aAAwDAQACAAMAAAAQGw//xAAWEQEBAQAAAAAAAAAAAAAAAAABABH/2gAIAQMBAT8QAsL/xAAVEQEBAAAAAAAAAAAAAAAAAAABEP/aAAgBAgEBPxBWH//EABwQAQACAgMBAAAAAAAAAAAAAAEAESFRcbHRwf/aAAgBAQABPxBpi3Fuos5FpCIbpBzBcLAlYNX9gZ9/s//Z"),url("data:image/jpeg;base64,/9j/2wBDABALDA4MChAODQ4SERATGCgaGBYWGDEjJR0oOjM9PDkzODdASFxOQERXRTc4UG1RV19iZ2hnPk1xeXBkeFxlZ2P/2wBDARESEhgVGC8aGi9jQjhCY2NjY2NjY2NjY2NjY2NjY2NjY2NjY2NjY2NjY2NjY2NjY2NjY2NjY2NjY2NjY2NjY2P/wgARCAAPABQDASIAAhEBAxEB/8QAGAAAAgMAAAAAAAAAAAAAAAAAAAYBAgX/xAAVAQEBAAAAAAAAAAAAAAAAAAAAAf/aAAwDAQACEAMQAAAB1ZUrU0CyL//EABoQAAICAwAAAAAAAAAAAAAAAAACARIREyH/2gAIAQEAAQUCiFMIUg6XY2Mf/8QAFBEBAAAAAAAAAAAAAAAAAAAAEP/aAAgBAwEBPwE//8QAFhEBAQEAAAAAAAAAAAAAAAAAAAER/9oACAECAQE/AW1//8QAGBAAAwEBAAAAAAAAAAAAAAAAAAIyEDH/2gAIAQEABj8C3pbFsf/EAB4QAAEDBAMAAAAAAAAAAAAAAAABEUEhUWFxkdHx/9oACAEBAAE/IcnggdtoLfKJjfce4f/aAAwDAQACAAMAAAAQGw//xAAWEQEBAQAAAAAAAAAAAAAAAAABABH/2gAIAQMBAT8QAsL/xAAVEQEBAAAAAAAAAAAAAAAAAAABEP/aAAgBAgEBPxBWH//EABwQAQACAgMBAAAAAAAAAAAAAAEAESFRcbHRwf/aAAgBAQABPxBpi3Fuos5FpCIbpBzBcLAlYNX9gZ9/s//Z");
}

<div
    class="emotion-0"
    data-testid="BackgroundImageContainerElement"
  >
    <noscript
      class="1u1eot0"
    />
  </div>
</DocumentFragment>
`;

exports[`Background Image when given an array of Image objects updates after entering the viewport correctly 1`] = `
<DocumentFragment>
  .emotion-0 {
  position: relative;
}

.emotion-0::before,
.emotion-0::after {
  position: absolute;
  top: 0;
  left: 0;
  display: block;
  width: 100%;
  height: 100%;
  background-repeat: no-repeat;
  background-position: center;
  background-size: cover;
  -webkit-transition: opacity 0.5s ease 0.25s;
  transition: opacity 0.5s ease 0.25s;
  content: "";
}

@media screen and (prefers-reduced-motion:reduce) {
  .emotion-0::before,
  .emotion-0::after {
    -webkit-transition: none;
    transition: none;
  }
}

.emotion-0::after {
  z-index: -100;
  opacity: 1;
  background-image: url("/static/banner_example/1/banner.jpg"),url("/static/banner_example/1/banner.jpg");
}

.emotion-0::before {
  z-index: -101;
  opacity: 1;
  background-image: url("data:image/jpeg;base64,/9j/2wBDABALDA4MChAODQ4SERATGCgaGBYWGDEjJR0oOjM9PDkzODdASFxOQERXRTc4UG1RV19iZ2hnPk1xeXBkeFxlZ2P/2wBDARESEhgVGC8aGi9jQjhCY2NjY2NjY2NjY2NjY2NjY2NjY2NjY2NjY2NjY2NjY2NjY2NjY2NjY2NjY2NjY2NjY2P/wgARCAAPABQDASIAAhEBAxEB/8QAGAAAAgMAAAAAAAAAAAAAAAAAAAYBAgX/xAAVAQEBAAAAAAAAAAAAAAAAAAAAAf/aAAwDAQACEAMQAAAB1ZUrU0CyL//EABoQAAICAwAAAAAAAAAAAAAAAAACARIREyH/2gAIAQEAAQUCiFMIUg6XY2Mf/8QAFBEBAAAAAAAAAAAAAAAAAAAAEP/aAAgBAwEBPwE//8QAFhEBAQEAAAAAAAAAAAAAAAAAAAER/9oACAECAQE/AW1//8QAGBAAAwEBAAAAAAAAAAAAAAAAAAIyEDH/2gAIAQEABj8C3pbFsf/EAB4QAAEDBAMAAAAAAAAAAAAAAAABEUEhUWFxkdHx/9oACAEBAAE/IcnggdtoLfKJjfce4f/aAAwDAQACAAMAAAAQGw//xAAWEQEBAQAAAAAAAAAAAAAAAAABABH/2gAIAQMBAT8QAsL/xAAVEQEBAAAAAAAAAAAAAAAAAAABEP/aAAgBAgEBPxBWH//EABwQAQACAgMBAAAAAAAAAAAAAAEAESFRcbHRwf/aAAgBAQABPxBpi3Fuos5FpCIbpBzBcLAlYNX9gZ9/s//Z"),url("data:image/jpeg;base64,/9j/2wBDABALDA4MChAODQ4SERATGCgaGBYWGDEjJR0oOjM9PDkzODdASFxOQERXRTc4UG1RV19iZ2hnPk1xeXBkeFxlZ2P/2wBDARESEhgVGC8aGi9jQjhCY2NjY2NjY2NjY2NjY2NjY2NjY2NjY2NjY2NjY2NjY2NjY2NjY2NjY2NjY2NjY2NjY2P/wgARCAAPABQDASIAAhEBAxEB/8QAGAAAAgMAAAAAAAAAAAAAAAAAAAYBAgX/xAAVAQEBAAAAAAAAAAAAAAAAAAAAAf/aAAwDAQACEAMQAAAB1ZUrU0CyL//EABoQAAICAwAAAAAAAAAAAAAAAAACARIREyH/2gAIAQEAAQUCiFMIUg6XY2Mf/8QAFBEBAAAAAAAAAAAAAAAAAAAAEP/aAAgBAwEBPwE//8QAFhEBAQEAAAAAAAAAAAAAAAAAAAER/9oACAECAQE/AW1//8QAGBAAAwEBAAAAAAAAAAAAAAAAAAIyEDH/2gAIAQEABj8C3pbFsf/EAB4QAAEDBAMAAAAAAAAAAAAAAAABEUEhUWFxkdHx/9oACAEBAAE/IcnggdtoLfKJjfce4f/aAAwDAQACAAMAAAAQGw//xAAWEQEBAQAAAAAAAAAAAAAAAAABABH/2gAIAQMBAT8QAsL/xAAVEQEBAAAAAAAAAAAAAAAAAAABEP/aAAgBAgEBPxBWH//EABwQAQACAgMBAAAAAAAAAAAAAAEAESFRcbHRwf/aAAgBAQABPxBpi3Fuos5FpCIbpBzBcLAlYNX9gZ9/s//Z");
}

<div
    class="emotion-0"
    data-testid="BackgroundImageContainerElement"
  >
    <noscript
      class="1u1eot0"
    />
  </div>
</DocumentFragment>
`;
